Ai, Ai, Ai, Ai, Ms, Ms, Ms, Ms, Ms, Ms, Aa^Fpa, Aa^Fpa, Aa^Fpa, Aa^Fpa, Ha, Ha, Ha, Ha, Ha, Ai, Ai, Aa, Aa, Aa, Aa, Aa, Aa, Aa, Aa^Fpa, Aa^Fpa, Aa^Fpa, Aa^Fpa
Ai, Ai, Ai, Ai, Ms, Ms, Ms, Ms, Ms, Ms, Aa^Fpa, Aa^Fpa, Ha^Fpa, Ha^Fpa, Ha, Ha, Ha, Ha, Ha, Ai, Ai, Aa, Aa, Aa, Aa, Aa, Aa, Aa, Aa^Fpa, Aa^Fpa, Aa^Fpa, Aa^Fpa
Ai, Ai, Ai, Ai, Ai, Ms, Ms, Ms, Ms, Aa^Fpa, Aa^Fpa, Aa^Fpa, Aa^Fpa, Ha^Fpa, Ha, Ha, Coa, Coa, Coa, Coa, Ai, Aa, Aa, Aa, Aa, Aa^Vca, Aa^Fpa, Aa^Fpa, Aa^Fpa, Aa^Fpa, Aa^Fpa, Aa^Fpa
Ai, Ai, Ai, Ai, Ms, Ai, Ms, Ms, Ms, Ms, Ms, Aa, Aa, Aa^Fpa, Ms, Coa, Coa, 4 Koa, Coa, Ai, Ai, Aa, Aa, Aa, Aa, Aa, Coa, Aa^Fpa, Aa^Fpa, Aa^Fpa, Aa^Fpa, Aa^Fpa
Ai, Ai, Aa, Aa^Vha, Ms, Ai, Ai, Ms, Ms, Ms, Ms, Ms, Ms, Ha, Ha, Ha, Coa, Coa, Aa, Aa^Voa, Ai, Aa, Ha, Ha, Coa, Coa, Coa, Aa^Fpa, Aa^Fpa, Aa^Fpa, Aa^Fpa, Aa^Fpa
Aa, Aa, Ms, Ms, Ms, Ms, Ms, Ai, Ai, Ms, Ms, Ms, Ms, Ha, Ha, Ha, Aa^Fpa, Aa, Aa^Fpa, Ai, Ai, Aa, Ai, Aa, Aa, Coa, 5 Koa, Coa, Aa^Fpa, Aa^Fpa, Aa^Fpa, Aa^Fpa
Ms, Ms, Ms, Ms, Ms, Ms, Ms, Ms, Aa^Fpa, Ai, Ai, Ha^Vca, Ha, Ha, Ha^Fpa, Ha, Ha^Fpa, Aa^Fpa, Aa^Fpa, Aa, Aa^Fpa, Ai, Aa, Ai, Ai, Coa, Coa, Coa, Aa^Fpa, Aa^Fpa, Aa^Fpa, Aa^Fpa
Ms, Ms, Ms, Ms, Ms, Ms, Ms, Aa^Fpa, Aa^Fpa, Aa^Fpa, Ai, Aa^Fpa, Ha, Ha, Aa^Fpa, Aa^Fpa, Aa, Ha, Aa, Aa^Fpa, Aa^Fpa, Aa^Fpa, Aa^Fpa, Ha, Ms, Ai, Ai, Ai, Aa^Fpa, Aa^Fpa, Aa^Fpa, Aa^Fpa
Ms, Ms^Vhh, Ms, Ms, Aa, Aa, Aa^Fpa, Aa^Fpa, Aa^Fpa, Aa^Fpa, Aa^Fpa, Ai, Ha, Ha, Aa^Fpa, Ha^Vhha, Aa, Aa, Aa, Aa, Aa^Fpa, Aa^Fpa, Ha^Fpa, Ha^Fpa, Ha^Fpa, Ha, Ha, Ai, Ai, Aa^Fpa, Aa^Fpa, Aa^Fpa
Ms, Ms, Ms, Ms, Aa, Aa, Aa^Fpa, Aa^Fpa, Ha^Fpa, Aa^Fpa, Aa^Fpa, Ai, Ai, Ai, Aa, Aa, Aa, Aa, Aa^Fpa, Aa^Fpa, Aa^Fpa, Aa^Fpa, Ha, Ha^Fpa, Ha, Ha, Ha^Voa, Ms, Ai, Aa^Fpa, Aa^Fpa, Aa^Fpa
Ms, Ms, Ms, Ms, Ms, Aa, Aa^Fpa, Ha^Fpa, Ha, Aa^Fpa, Aa^Fpa, Aa^Fpa, Ai, Aa^Fpa, Aa, Aa, Aa, Aa, Aa, Ha, Aa, Ha, Ha, Ha, Ha, Ha, Ms, Ms, Ai, Aa^Fpa, Aa^Fpa, Aa^Fpa
Ms, Ms, Cea, Ha, Ha, Ms, Ha, Ha, Ms, Ms, Aa, Aa^Fpa, Ai, Aa, Aa, Aa, Aa, Aa, Aa, Aa, Aa, Ha, Ms, Ms, Ms, Ms, Ms, Ms, Ms, Ai, Ms, Ms
Ha, Cea, 3 Kea, Cea, Ha, Ha, Ha, Ms, Ai, Ha, Ai, Ai, Aa, Aa, Aa, Aa, Aa, Aa, Aa, Aa, Ha, Ms, Ms, Ms, Ms, Ms, Ms, Ms, Ai, Ai, Ms, Ms
Ha, Cea, Cea, Cea, Ha, Ha, Ha^Voa, Ha, Ai, Ai, Ai, Aa, Aa, Aa, Aa, Aa, Aa, Aa, Ha, Ha, Ha, Ms, Ms, Ms, Ms, Ms, Ms, Ai, Ms, Ms, Ms, Ms
Ha, Ha, Ha, Ha, Ai, Ha, Ai, Ai, Ai, Ai, Ai, Aa, Aa^Voa, Ha, Ha, Ha, Ha, Ha, Ha, Ha, Ha, Ms, Ms, Ms, Ms, Ms, Ms, Ai, Ms, Ms, Ms, Ms
Ha, Ha, Ai, Ai, Ha, Ai, Cea, Aa, Aa, Aa, Aa, Aa, Ha, Ha, Ha^Fpa, Ha, Ha, Ha, Ha, Ha, Ms, Ms, Ms, Ms, Ms, Ms, Ms, Ai, Ms, Ms, Ms, Ms
Ha, Ha, Ai, Ha, Aa, Cea, 1 Kea, Cea, Aa, Aa, Aa^Fpa, Aa^Fpa, Aa^Fpa, Aa^Fpa, Ha, Ha, Ha, Ha, Ha, Ha, Ms, Ms, Ms, Aa, Aa, Aa^Vha, Ai, Ai, Ms, Ms, Ms, Ms
Ai, Ai, Aa, Aa, Aa, Cea, Cea, Cea, Aa^Fpa, Aa^Fpa, Mm, Ha, Cea, Cea, Cea, Ha, Aa^Fpa, Ha, Ha, Ms^Vhh, Ms, Ms, Ms, Ms, Aa, Aa, Ai, Ms, Ms, Ms, Ms, Ms
Ai, Ai, Aa, Aa^Voa, Aa, Aa, Aa^Fpa, Aa^Fpa, Aa^Fpa, Aa^Fpa, Mm, Md, Cea, 2 Kea, Cea, Ha, Ms, Aa^Fpa, Ha^Fpa, Ha^Fpa, Ms, Ms, Ms, Ms, Ms, Ai, Ai, Ai, Ai, Ms, Ms, Ms
Ai, Ai, Aa, Aa, Aa, Aa^Fpa, Aa^Fpa, Aa^Fpa, Aa^Fpa, Aa^Fpa, Ms, Md, Md, Cea, Md, Aa^Fpa, Ms, Ms, Ha^Fpa, Ha^Fpa, Aa^Fpa, Ms, Ms, Ms, Ms, Ai, Ai, Ai, Ms, Ms, Ms, Ms
Aa, Aa, Aa, Aa, Aa^Fpa, Aa^Fpa, Aa^Fpa, Aa^Fpa, Ms, Ms, Ms, Ms, Ms, Md, Ms, Ms, Ms, Aa^Fpa, Ha, Ha, Aa^Fpa, Ms, Ms, Ms, Ms, Ms, Ai, Ms, Ms, Ms, Ms, Ms
Aa, Aa, Aa, Aa, Aa^Fpa, Aa^Fpa, Aa^Fpa, Aa^Fpa, Ms, Ms, Ms, Ms, Ms, Ms, Ms, Ms, Ms, Aa^Fpa, Aa^Fpa, Ha, Aa^Fpa, Ms, Ms, Ms, Ms, Ms, Ai, Ms, Ms, Ms, Ms, Ms
